******************************************************************************
              TMS320C55x Linker PC v4.4.1                      
******************************************************************************
>> Linked Thu Mar 08 10:04:51 2018

OUTPUT FILE NAME:   <Zadatak1.out>
ENTRY POINT SYMBOL: "_c_int00"  address: 0002425e


MEMORY CONFIGURATION

         name            origin    length      used     unused   attr    fill
                        (bytes)   (bytes)    (bytes)   (bytes)
----------------------  --------  ---------  --------  --------  ----  --------
PAGE 0:
  MMR                   00000000   000000c0  00000000  000000c0  RWIX
  DARAM0                000000c0   0000ff40  0000740c  00008b34  RWIX
  SARAM0                00010000   00010000  00000000  00010000  RWIX
  SARAM1                00020000   00020000  00004391  0001bc6f  RWIX
  SARAM2                00040000   0000fe00  00000d74  0000f08c  RWIX
  VECS                  0004fe00   00000200  00000100  00000100  RWIX
  PDROM                 00ff8000   00008000  00000000  00008000  R IX

PAGE 2:
  IOPORT                00000000   00020000  00000000  00020000  RWI 


SECTION ALLOCATION MAP
(Addresses surrounded by []'s are displayed for convenience only!)

output                                                          attributes/
section   page  orgn(bytes) orgn(words) len(bytes) len(words)   input sections
--------  ----  ----------- ----------- ---------- ----------   --------------
.pinit       0   [ 00040000 ]  00020000          *   00000000   UNINITIALIZED

.stack       0   [ 000000c0 ]  00000060          *   00001000   UNINITIALIZED
                 [ 000000c0 ]  00000060          *   00001000   --HOLE--

.data        0   [ 000000c0 ]  00000060          *   00000000   UNINITIALIZED

.sysstack 
*            0   [ 000020c0 ]  00001060          *   00000800   UNINITIALIZED
                 [ 000020c0 ]  00001060          *   00000800   --HOLE--

.bss         0   [ 000030c0 ]  00001860          *   00001080   UNINITIALIZED
                 [ 000030c0 ]  00001860          *   00000902   main.obj (.bss)
                 [ 000042c4 ]  00002162          *   00000500   signal.obj (.bss)
                 [ 00004cc4 ]  00002662          *   00000119   rts55x.lib : defs.obj (.bss)
                 [ 00004ef6 ]  0000277b          *   000000d0              : trgdrv.obj (.bss)
                 [ 00005096 ]  0000284b          *   00000001              : fopen.obj (.bss)
                 [ 00005098 ]  0000284c          *   00000071              : lowlev.obj (.bss)
                 [ 0000517a ]  000028bd          *   00000015   filter_coeff.obj (.bss)
                 [ 000051a4 ]  000028d2          *   00000006   rts55x.lib : memory.obj (.bss)
                 [ 000051b0 ]  000028d8          *   00000004              : _lock.obj (.bss)
                 [ 000051b8 ]  000028dc          *   00000004              : exit.obj (.bss)

.sysmem      0   [ 000051c0 ]  000028e0          *   00001000   UNINITIALIZED
                 [ 000051c0 ]  000028e0          *   00001000   --HOLE--

.const.1     0   [ 000071c0 ]  000038e0          *   00000101   
                 [ 000071c0 ]  000038e0          *   00000101   rts55x.lib : ctype.obj (.const:__ctypes_)

.const.2     0   [ 000073c4 ]  000039e2          *   00000049   
                 [ 000073c4 ]  000039e2          *   00000049   main.obj (.const:.string)

.const.3     0   [ 00007458 ]  00003a2c          *   0000003c   
                 [ 00007458 ]  00003a2c          *   00000024   rts55x.lib : _printfi.obj (.const:.string)
                 [ 000074a0 ]  00003a50          *   0000000c              : _printfi.obj (.const)
                 [ 000074b8 ]  00003a5c          *   00000008              : divd.obj (.const:_initial_approx$1)
                 [ 000074c8 ]  00003a64          *   00000002              : fputs.obj (.const:.string)
                 [ 000074cc ]  00003a66          *   00000002              : fltlid.obj (.const)

.text        0     00020000  [ 00010000 ] 00004391          *   
                   00020000  [ 00010000 ] 000015a4          *   rts55x.lib : _printfi.obj (.text)
                   000215a4  [ 00010ad2 ] 00000543          *              : lowlev.obj (.text)
                   00021ae7  [ 00010d73+] 00000528          *              : trgdrv.obj (.text)
                   0002200f  [ 00011007+] 000004b5          *              : memory.obj (.text)
                   000224c4  [ 00011262 ] 000003cc          *              : divd.obj (.text)
                   00022890  [ 00011448 ] 0000027f          *              : fopen.obj (.text)
                   00022b0f  [ 00011587+] 0000025e          *              : llmpy.obj (.text)
                   00022d6d  [ 000116b6+] 0000025a          *              : addd.obj (.text)
                   00022fc7  [ 000117e3+] 000001ea          *              : cmpd.obj (.text)
                   000231b1  [ 000118d8+] 000001e7          *   processing.obj (.text)
                   00023398  [ 000119cc ] 00000163          *   rts55x.lib : fputs.obj (.text)
                   000234fb  [ 00011a7d+] 0000014c          *              : mpyd.obj (.text)
                   00023647  [ 00011b23+] 00000100          *   fir.obj (.text)
                   00023747  [ 00011ba3+] 000000e6          *   rts55x.lib : setvbuf.obj (.text)
                   0002382d  [ 00011c16+] 000000dd          *              : _io_perm.obj (.text)
                   0002390a  [ 00011c85 ] 000000c2          *              : fflush.obj (.text)
                   000239cc  [ 00011ce6 ] 000000ba          *              : trgmsg.obj (.text:CIO_breakpoint)
                   00023a86  [ 00011d43 ] 000000a6          *              : fputc.obj (.text)
                   00023b2c  [ 00011d96 ] 000000a1          *              : divul.obj (.text)
                   00023bcd  [ 00011de6+] 0000007d          *              : ltoa.obj (.text)
                   00023c4a  [ 00011e25 ] 0000007b          *              : fclose.obj (.text)
                   00023cc5  [ 00011e62+] 00000076          *              : frcmpyd.obj (.text)
                   00023d3b  [ 00011e9d+] 00000073          *              : frcmpyd_div.obj (.text)
                   00023dae  [ 00011ed7 ] 00000072          *              : remul.obj (.text)
                   00023e20  [ 00011f10 ] 0000006f          *              : fixdli.obj (.text)
                   00023e8f  [ 00011f47+] 0000006d          *              : trgmsg.obj (.text)
                   00023efc  [ 00011f7e ] 0000006b          *              : fseek.obj (.text)
                   00023f67  [ 00011fb3+] 00000067          *              : fltlid.obj (.text)
                   00023fce  [ 00011fe7 ] 0000005c          *              : atoi.obj (.text)
                   0002402a  [ 00012015 ] 00000050          *              : printf.obj (.text)
                   0002407a  [ 0001203d ] 0000004d          *              : autoinit.obj (.text)
                   000240c7  [ 00012063+] 0000004b          *              : args_main.obj (.text)
                   00024112  [ 00012089 ] 0000004b          *              : remli.obj (.text)
                   0002415d  [ 000120ae+] 00000048          *              : divli.obj (.text)
                   000241a5  [ 000120d2+] 0000003f          *              : memcpy.obj (.text)
                   000241e4  [ 000120f2 ] 0000003e          *              : exit.obj (.text)
                   00024222  [ 00012111 ] 0000003c          *   main.obj (.text)
                   0002425e  [ 0001212f ] 00000034          *   rts55x.lib : boot.obj (.text)
                   00024292  [ 00012149 ] 0000002a          *              : fixdi.obj (.text)
                   000242bc  [ 0001215e ] 0000002a          *              : udiv.obj (.text)
                   000242e6  [ 00012173 ] 00000023          *              : memccpy.obj (.text)
                   00024309  [ 00012184+] 0000001a          *              : isinf.obj (.text)
                   00024323  [ 00012191+] 00000014          *              : subd.obj (.text)
                   00024337  [ 0001219b+] 00000013          *              : lmpy.obj (.text)
                   0002434a  [ 000121a5 ] 00000012          *              : _lock.obj (.text)
                   0002435c  [ 000121ae ] 00000011          *              : memset.obj (.text)
                   0002436d  [ 000121b6+] 00000010          *              : negd.obj (.text)
                   0002437d  [ 000121be+] 0000000a          *              : remove.obj (.text)
                   00024387  [ 000121c3+] 00000007          *              : exit.obj (.text:CIO_breakpoint)
                   0002438e  [ 000121c7 ] 00000002          *              : vectors.obj (.text)
                   00024390  [ 000121c8 ] 00000001          *   --HOLE-- [fill = 20]

.cinit       0   [ 00040000 ]  00020000          *   0000059a   
                 [ 00040000 ]  00020000          *   00000506   signal.obj (.cinit)
                 [ 00040a0c ]  00020506          *   0000002d   rts55x.lib : lowlev.obj (.cinit)
                 [ 00040a66 ]  00020533          *   0000002a              : defs.obj (.cinit)
                 [ 00040aba ]  0002055d          *   00000018   filter_coeff.obj (.cinit)
                 [ 00040aea ]  00020575          *   0000000a   rts55x.lib : _lock.obj (.cinit)
                 [ 00040afe ]  0002057f          *   0000000a              : exit.obj (.cinit)
                 [ 00040b12 ]  00020589          *   00000008   main.obj (.cinit)
                 [ 00040b22 ]  00020591          *   00000004   rts55x.lib : fopen.obj (.cinit)
                 [ 00040b2a ]  00020595          *   00000004              : memory.obj (.cinit)
                 [ 00040b32 ]  00020599          *   00000001   --HOLE-- [fill = 0]

.cio         0   [ 00040b38 ]  0002059c          *   00000120   UNINITIALIZED
                 [ 00040b38 ]  0002059c          *   00000120   rts55x.lib : trgmsg.obj (.cio)

vectors      0     0004fe00  [ 00027f00 ] 00000100          *   
                   0004fe00  [ 00027f00 ] 00000100          *   rts55x.lib : vectors.obj (vectors)


GLOBAL SYMBOLS: SORTED ALPHABETICALLY BY Name 

abs. value/
byte addr   word addr   name
---------   ---------   ----
00000002                $TI_capability$C5500$CallingConvention
00000002                $TI_capability$C5500$MemoryModel
00000001                $TI_capability_requires_rev3
ffffffff                .bss
ffffffff                .data
ffffffff                .text
00024388                C$$EXIT
00023a81                C$$IO$$
00024337                I$$LMPY
000242bc                I$$UDIV
000242d1                I$$UMOD
00021fb1                _HOSTclock
00021f46                _HOSTclose
00021e91                _HOSTlseek
00021df2                _HOSTopen
00021d65                _HOSTread
00021cb7                _HOSTrename
00021c59                _HOSTtime
00021bef                _HOSTunlink
00021b62                _HOSTwrite
            00002161    _L
            00002160    _M
            00001860    _OutputBuffer1
            00001c60    _OutputBuffer2
            00001d60    _OutputBufferResapmep
0004fe00                _Reset
            0002059c    __CIOBUF_
            00001060    __STACK_END
00002000                __STACK_SIZE
00002000                __SYSMEM_SIZE
00001000                __SYSSTACK_SIZE
00000001                __TI_args_main
ffffffff                ___binit__
ffffffff                ___bss__
ffffffff                ___c_args__
            00020000    ___cinit__
ffffffff                ___data__
ffffffff                ___edata__
ffffffff                ___end__
ffffffff                ___etext__
00024309                ___isinf
ffffffff                ___pinit__
ffffffff                ___text__
00022d6d                __addd
000240c7                __args_main
000229b1                __cleanup
            000028dc    __cleanup_ptr
00023159                __cmpd
            000038e0    __ctypes_
000224c4                __divd
0002415d                __divli
00022d38                __divlli
000242bc                __divu
00023b2c                __divul
00022c44                __divull
0002390a                __doflush
            000028de    __dtors_ptr
00023125                __eqld
00024292                __fixdi
00023e20                __fixdli
00023f67                __fltlid
00023cc5                __frcmpyd
00023d3b                __frcmpyd_div
            0000277a    __ft_end
            00002662    __ftable
000230db                __geqd
00023090                __gtrd
00023043                __leqd
            000028d8    __lock
00022ffb                __lssd
000234fb                __mpyd
00024337                __mpyli
00022b8c                __mpylli
0002436d                __negd
00022fc7                __neqd
0002435a                __nop
00021362                __printfi
000238ad                __rd_ok
00024352                __register_lock
0002434a                __register_unlock
00024112                __remli
00022b5d                __remlli
000242d1                __remu
00023dae                __remul
00022b0f                __remull
            00000060    __stack
00024323                __subd
            000028e0    __sys_memory
            00001060    __sysstack
            000026da    __tmpnams
            000028da    __unlock
0002382d                __wrt_ok
00024387                _abort
000219f7                _add_device
00023fce                _atoi
0002407a                _auto_init
0002425e                _c_int00
0002249e                _calloc
00022496                _chkheap
00021984                _close
000231f6                _decimate
000231b1                _downsample
000241e4                _exit
00023c4a                _fclose
00023973                _fflush
0002197b                _find_registered_device
00023647                _fir_basic
000236c4                _fir_circular
00022ad4                _fopen
00023a86                _fputc
00023398                _fputs
0002200f                _free
00022440                _free_memory
00022a0b                _freopen
00023efc                _fseek
00021ae7                _getenv
000232ac                _interpolate
            000028bd    _lp_filter
00021915                _lseek
00023bcd                _ltoa
00024222                _main
00022140                _malloc
000223e6                _max_free
000242e6                _memccpy
000241a5                _memcpy
0002435c                _memset
000220db                _minit
00021856                _open
0002402a                _printf
00023a86                _putc
00023b1d                _putchar
000234cd                _puts
000217a8                _read
00023e8f                _readmsg
00022235                _realloc
0002437d                _remove
00021772                _remove_device
00021719                _rename
00023319                _resample
00023747                _setvbuf
            00002162    _signal1
            00002562    _signal2
000216e6                _unlink
0002325c                _upsample
000215a4                _write
000239cc                _writemsg
ffffffff                binit
            00020000    cinit
ffffffff                edata
ffffffff                end
ffffffff                etext
ffffffff                pinit


GLOBAL SYMBOLS: SORTED BY Symbol Address 

abs. value/
byte addr   word addr   name
---------   ---------   ----
00000001                $TI_capability_requires_rev3
00000001                __TI_args_main
00000002                $TI_capability$C5500$CallingConvention
00000002                $TI_capability$C5500$MemoryModel
            00000060    __stack
00001000                __SYSSTACK_SIZE
00002000                __STACK_SIZE
00002000                __SYSMEM_SIZE
            00001060    __STACK_END
            00001060    __sysstack
            00001860    _OutputBuffer1
            00001c60    _OutputBuffer2
            00001d60    _OutputBufferResapmep
            00002160    _M
            00002161    _L
            00002162    _signal1
            00002562    _signal2
            00002662    __ftable
            000026da    __tmpnams
            0000277a    __ft_end
            000028bd    _lp_filter
            000028d8    __lock
            000028da    __unlock
            000028dc    __cleanup_ptr
            000028de    __dtors_ptr
            000028e0    __sys_memory
            000038e0    __ctypes_
00021362                __printfi
000215a4                _write
000216e6                _unlink
00021719                _rename
00021772                _remove_device
000217a8                _read
00021856                _open
00021915                _lseek
0002197b                _find_registered_device
00021984                _close
000219f7                _add_device
00021ae7                _getenv
00021b62                _HOSTwrite
00021bef                _HOSTunlink
00021c59                _HOSTtime
00021cb7                _HOSTrename
00021d65                _HOSTread
00021df2                _HOSTopen
00021e91                _HOSTlseek
00021f46                _HOSTclose
00021fb1                _HOSTclock
0002200f                _free
000220db                _minit
00022140                _malloc
00022235                _realloc
000223e6                _max_free
00022440                _free_memory
00022496                _chkheap
0002249e                _calloc
000224c4                __divd
000229b1                __cleanup
00022a0b                _freopen
00022ad4                _fopen
00022b0f                __remull
00022b5d                __remlli
00022b8c                __mpylli
00022c44                __divull
00022d38                __divlli
00022d6d                __addd
00022fc7                __neqd
00022ffb                __lssd
00023043                __leqd
00023090                __gtrd
000230db                __geqd
00023125                __eqld
00023159                __cmpd
000231b1                _downsample
000231f6                _decimate
0002325c                _upsample
000232ac                _interpolate
00023319                _resample
00023398                _fputs
000234cd                _puts
000234fb                __mpyd
00023647                _fir_basic
000236c4                _fir_circular
00023747                _setvbuf
0002382d                __wrt_ok
000238ad                __rd_ok
0002390a                __doflush
00023973                _fflush
000239cc                _writemsg
00023a81                C$$IO$$
00023a86                _fputc
00023a86                _putc
00023b1d                _putchar
00023b2c                __divul
00023bcd                _ltoa
00023c4a                _fclose
00023cc5                __frcmpyd
00023d3b                __frcmpyd_div
00023dae                __remul
00023e20                __fixdli
00023e8f                _readmsg
00023efc                _fseek
00023f67                __fltlid
00023fce                _atoi
0002402a                _printf
0002407a                _auto_init
000240c7                __args_main
00024112                __remli
0002415d                __divli
000241a5                _memcpy
000241e4                _exit
00024222                _main
0002425e                _c_int00
00024292                __fixdi
000242bc                I$$UDIV
000242bc                __divu
000242d1                I$$UMOD
000242d1                __remu
000242e6                _memccpy
00024309                ___isinf
00024323                __subd
00024337                I$$LMPY
00024337                __mpyli
0002434a                __register_unlock
00024352                __register_lock
0002435a                __nop
0002435c                _memset
0002436d                __negd
0002437d                _remove
00024387                _abort
00024388                C$$EXIT
            00020000    ___cinit__
            00020000    cinit
            0002059c    __CIOBUF_
0004fe00                _Reset
ffffffff                .bss
ffffffff                .data
ffffffff                .text
ffffffff                ___binit__
ffffffff                ___bss__
ffffffff                ___c_args__
ffffffff                ___data__
ffffffff                ___edata__
ffffffff                ___end__
ffffffff                ___etext__
ffffffff                ___pinit__
ffffffff                ___text__
ffffffff                binit
ffffffff                edata
ffffffff                end
ffffffff                etext
ffffffff                pinit

[152 symbols]
